// Jest Snapshot v1, https://goo.gl/fbAQLP

exports[`common-component-renderer constructor 1`] = `
MockComponentRenderer {
  "component": Object {
    "componentType": "Button",
    "name": "MyButton",
    "properties": Object {
      "value": Object {
        "value": "Confirm",
      },
    },
  },
  "inputProps": Object {
    "value": Object {
      "value": "Confirm",
    },
  },
  "node": StudioNode {
    "children": Array [],
    "component": Object {
      "componentType": "Button",
      "name": "MyButton",
      "properties": Object {
        "value": Object {
          "value": "Confirm",
        },
      },
    },
    "elementIndex": 0,
    "parent": StudioNode {
      "children": Array [
        [Circular],
      ],
      "component": Object {
        "componentType": "View",
        "name": "MyView",
        "properties": Object {},
      },
      "parent": undefined,
    },
  },
  "parent": StudioNode {
    "children": Array [
      StudioNode {
        "children": Array [],
        "component": Object {
          "componentType": "Button",
          "name": "MyButton",
          "properties": Object {
            "value": Object {
              "value": "Confirm",
            },
          },
        },
        "elementIndex": 0,
        "parent": [Circular],
      },
    ],
    "component": Object {
      "componentType": "View",
      "name": "MyView",
      "properties": Object {},
    },
    "parent": undefined,
  },
}
`;
