// Jest Snapshot v1, https://goo.gl/fbAQLP

exports[`validation-helper validateComponentSchema child component requires componentType to be the correct type 1`] = `"children[0].componentType must be a \`string\` type, but the final value was: \`3\`."`;

exports[`validation-helper validateComponentSchema deeply nested child components requires properties 1`] = `"children[0].children[0].children[0].properties is a required field"`;

exports[`validation-helper validateComponentSchema fails on componentType with leading number 1`] = `"Expected an alphanumeric string, starting with a character"`;

exports[`validation-helper validateComponentSchema fails on componentType with whitespace 1`] = `"Expected an alphanumeric string, starting with a character"`;

exports[`validation-helper validateComponentSchema top-level component requires componentType 1`] = `"componentType is a required field"`;

exports[`validation-helper validateComponentSchema top-level component requires componentType to be the correct type 1`] = `"componentType must be a \`string\` type, but the final value was: \`2\`."`;

exports[`validation-helper validateComponentSchema top-level component requires properties 1`] = `"properties is a required field"`;

exports[`validation-helper validateThemeSchema children objects should not be empty 1`] = `"values[1].key is a required field, values[1].value is a required field"`;

exports[`validation-helper validateThemeSchema overrides should contain the right shape 1`] = `"overrides[0].key is a required field"`;

exports[`validation-helper validateThemeSchema top-level component requires name 1`] = `"name is a required field"`;

exports[`validation-helper validateThemeSchema top-level component requires values 1`] = `"values is a required field"`;
