// Jest Snapshot v1, https://goo.gl/fbAQLP

exports[`render utils file generateUtilFile 1`] = `
"/* eslint-disable */
const processFile = async ({ file }) => {
  const fileExtension = file.name.split(\\".\\").pop();
  return file
    .arrayBuffer()
    .then((filebuffer) => window.crypto.subtle.digest(\\"SHA-1\\", filebuffer))
    .then((hashBuffer) => {
      const hashArray = Array.from(new Uint8Array(hashBuffer));
      const hashHex = hashArray
        .map((a) => a.toString(16).padStart(2, \\"0\\"))
        .join(\\"\\");
      return { file, key: \`\${hashHex}.\${fileExtension}\` };
    });
};
"
`;
