// Jest Snapshot v1, https://goo.gl/fbAQLP

exports[`Component Renderers BadgeRenderer 1`] = `"<Badge {...props} {...getOverrideProps(overrides, \\"Badge\\")}></Badge>"`;

exports[`Component Renderers BoxRenderer 1`] = `"<View {...props} {...getOverrideProps(overrides, \\"View\\")}></View>"`;

exports[`Component Renderers ButtonRenderer 1`] = `"<Button {...props} {...getOverrideProps(overrides, \\"Button\\")}></Button>"`;

exports[`Component Renderers CardRenderer 1`] = `"<Card {...props} {...getOverrideProps(overrides, \\"Card\\")}></Card>"`;

exports[`Component Renderers CollectionRenderer 1`] = `"<Collection items={items || []} {...props} {...getOverrideProps(overrides, \\"Collection\\")}>{(item, index) => ()}</Collection>"`;

exports[`Component Renderers CustomComponentRenderer 1`] = `"<Custom {...findChildOverrides(props.overrides, \\"Custom\\")}></Custom>"`;

exports[`Component Renderers DividerRenderer 1`] = `"<Divider {...props} {...getOverrideProps(overrides, \\"Divider\\")}></Divider>"`;

exports[`Component Renderers FlexRenderer 1`] = `"<Flex {...props} {...getOverrideProps(overrides, \\"Flex\\")}></Flex>"`;

exports[`Component Renderers ImageRenderer 1`] = `"<Image {...props} {...getOverrideProps(overrides, \\"Image\\")}></Image>"`;

exports[`Component Renderers StringRenderer basic 1`] = `"<>{\\"test\\"}</>"`;

exports[`Component Renderers StringRenderer missing props 1`] = `"Failed to render String - Unexpected component structure"`;

exports[`Component Renderers TextRenderer 1`] = `"<Text {...props} {...getOverrideProps(overrides, \\"Text\\")}>{\\"test\\"}</Text>"`;
