// Jest Snapshot v1, https://goo.gl/fbAQLP

exports[`getActionStateParameters basic 1`] = `
Array [
  Object {
    "componentName": "ColoredBox",
    "property": "backgroundColor",
    "set": Object {
      "value": "something",
    },
  },
]
`;

exports[`mapSyntheticStateReferences basic 1`] = `
Array [
  Object {
    "componentName": "UserNameTextField",
    "property": "value",
  },
]
`;
